127.0.0.1:6379> SET Masters "Data Science"
OK
127.0.0.1:6379> GET Masters
"Data Science"
127.0.0.1:6379> HMSET user:1 username Hassan password pass age 30 height 178cm weight 85kg email javaid.son@gmail.com studing "Data Science"
OK
127.0.0.1:6379> HGET user:1
(error) ERR wrong number of arguments for 'hget' command
127.0.0.1:6379> HGETALL user:1
 1) "username"
 2) "Hassan"
 3) "password"
 4) "pass"
 5) "age"
 6) "30"
 7) "height"
 8) "178cm"
 9) "weight"
10) "85kg"
11) "email"
12) "javaid.son@gmail.com"
13) "studing"
14) "Data Science"
127.0.0.1:6379>
127.0.0.1:6379> LPUSH mylist 1
(integer) 1
127.0.0.1:6379> LPUSH mylist Hassan
(integer) 2
127.0.0.1:6379> LPUSH mylist 1.1
(integer) 3
127.0.0.1:6379> LPUSH mylist "Space between"
(integer) 4
127.0.0.1:6379> LRANGE mylist 0-3
(error) ERR wrong number of arguments for 'lrange' command
127.0.0.1:6379> LRANGE mylist
(error) ERR wrong number of arguments for 'lrange' command
127.0.0.1:6379> LPUSH mylist
(error) ERR wrong number of arguments for 'lpush' command
127.0.0.1:6379> LPUSH mylist 3
(integer) 5
127.0.0.1:6379> LPUSH mylist 3000
(integer) 6
127.0.0.1:6379> LPOP mylist 5
(error) ERR wrong number of arguments for 'lpop' command
127.0.0.1:6379> LPOP mylist 4
(error) ERR wrong number of arguments for 'lpop' command
127.0.0.1:6379> LPOP mylist
"3000"
127.0.0.1:6379> LPOP mylist
"3"
127.0.0.1:6379> LPOP mylist
"Space between"
127.0.0.1:6379> LPOP mylist
"1.1"
127.0.0.1:6379> LPUSH mylist again pushing
(integer) 4
127.0.0.1:6379> LPUSH mylist again pushing
(integer) 6
127.0.0.1:6379> LPUSH mylist again pushing
(integer) 8
127.0.0.1:6379> LPUSH mylist again pushing
(integer) 10
127.0.0.1:6379> LRANGE mylist 0 9
 1) "pushing"
 2) "again"
 3) "pushing"
 4) "again"
 5) "pushing"
 6) "again"
 7) "pushing"
 8) "again"
 9) "Hassan"
10) "1"
127.0.0.1:6379> SADD myset "Hello"
(integer) 1
127.0.0.1:6379> SADD myset "World"
(integer) 1
127.0.0.1:6379> SADD myset "World"
(integer) 0
127.0.0.1:6379> SADD myset "World"
(integer) 0
127.0.0.1:6379> SADD myset "World"
(integer) 0
127.0.0.1:6379> SADD myset "World"
(integer) 0
127.0.0.1:6379> SMEMBERS myset
1) "World"
2) "Hello"
127.0.0.1:6379> SADD myset "World1"
(integer) 1
127.0.0.1:6379> SADD myset "World1"
(integer) 0
127.0.0.1:6379> SADD myset "World1"
(integer) 0
127.0.0.1:6379> SMEMBERS myset
1) "World1"
2) "World"
3) "Hello"
127.0.0.1:6379> ZAAD playingwithRedis 1 redis
(error) ERR unknown command 'ZAAD'
127.0.0.1:6379> ZADD playingwithRedis 1 redis
(integer) 1
127.0.0.1:6379> ZADD playingwithRedis 1 redis
(integer) 0
127.0.0.1:6379> ZADD playingwithRedis 1 redis
(integer) 0
127.0.0.1:6379> ZADD playingwithRedis 1 redis
(integer) 0
127.0.0.1:6379> ZADD playingwithRedis 2 mongo
(integer) 1
127.0.0.1:6379> ZADD playingwithRedis 2 sql
(integer) 1
127.0.0.1:6379> ZADD playingwithRedis 3 sql
(integer) 0
127.0.0.1:6379> ZADD playingwithRedis 3 mysql
(integer) 1
Invalid argument(s)
127.0.0.1:6379> ZRANGE playingwithRedis 0 10 "WITHSCORES"
1) "redis"
2) "1"
3) "mongo"
4) "2"
5) "mysql"
6) "3"
7) "sql"
8) "3"
127.0.0.1:6379> ZRANGE playingwithRedis 0 10
1) "redis"
2) "mongo"
3) "mysql"
4) "sql"
127.0.0.1:6379>  